__SN_Libsn_version_v28
__SN_Libsn_version
SN_ISI
SN_DSI
SNMemCpy
DBcallback
SNDebugBoot
ISIentry
DSIentry
IsDevLink
gap_01_801D6C6C_text
gap_04_8038DC10_rodata
snFileserver
snInitFileserver
snFSNotAvailable
__terminate_func

__div2u
__mod2u
__va_arg

OSLoadFPUContext

abort
_ExitProcess

gap_05_803C4564_data
gap_05_803C4A2B_data
gap_05_803C4A7C_data
lbl_803C4ABC
gap_05_803C4B14_data
gap_05_803C4B54_data
gap_05_803C4BA0_data
gap_05_803C4BE0_data
gap_05_803C4C2C_data
lbl_803C5188
GXGetVtxAttrFmt
GXGetVtxDesc
GXSetVtxDescv
GXInitLightSpot
GXReadGPMetric
__GXGetTexTileShift
GXGetTexBufferSize

translit_from_idx
translit_from_tbl
translit_to_idx
translit_to_tbl
_nl_C_codeset
_nl_C_LC_CTYPE_class
_nl_C_LC_CTYPE_class32
_nl_C_LC_CTYPE_toupper
_nl_C_LC_CTYPE_tolower
_nl_C_LC_CTYPE_class_upper
_nl_C_LC_CTYPE_class_lower
_nl_C_LC_CTYPE_class_alpha
_nl_C_LC_CTYPE_class_digit
_nl_C_LC_CTYPE_class_xdigit
_nl_C_LC_CTYPE_class_space
_nl_C_LC_CTYPE_class_print
_nl_C_LC_CTYPE_class_graph
_nl_C_LC_CTYPE_class_blank
_nl_C_LC_CTYPE_class_cntrl
_nl_C_LC_CTYPE_class_punct
_nl_C_LC_CTYPE_class_alnum
_nl_C_LC_CTYPE_map_toupper
_nl_C_LC_CTYPE_map_tolower
_nl_C_LC_CTYPE_width
_nl_C_LC_CTYPE
lbl_8039925C
lbl_8039933C
lbl_80399368
lbl_803A121C
lbl_803A2F94
lbl_803A2F98
lbl_803A2FA0
lbl_803A2FA8
_unit_data_UnimplementedSortType_bKernel
gap_04_803A3D39_rodata
lbl_803A3D3C
lbl_803A4AF4
_unit_data_UnimplementedSortType_bKernelHeap

lbl_803B2104
gap_05_803B212C_data
gap_05_803B25AC_data
lbl_803B2A28
gap_05_803B2A5C_data
gs_xCurrentBloom
gap_05_803B2A7C_data
gs_xCurrentDoF
gap_05_803B2A94_data
gap_05_803B2EBC_data
lbl_803B2F90
lbl_803B2FC8
lbl_803B32AC
gap_05_803B6464_data
gap_05_803B6488_data
__MIXPanTable
__MIX_DPL2_front
__MIX_DPL2_rear
__MIXAIVolumeTable
__AXART3DSpan
__AXART3DPanDPL2
__AXART3DItdL
__AXART3DItdR
__AXART3DSrc
gap_05_803C43A8_data
CardData

Header
gap_06_8041B9A8_bss
gap_06_80468C38_bss
gap_06_804709C4_bss
gap_06_80470A16_bss
__AXLocalProfile
pSave
gap_06_80486418_bss
gap_06_8048C338_bss

lbl_8048D680
lbl_8048D73C
lbl_8048D784
lbl_8048D79C
lbl_8048D7CC
lbl_8048D814
lbl_8048D850
gap_07_8048D89C_sdata
lbl_8048D8DC
lbl_8048D8F8
lbl_8048D924
lbl_8048D934
lbl_8048D93C
lbl_8048D954
lbl_8048D964
lbl_8048D990
lbl_8048DAE1
lbl_8048DB3C
lbl_8048DB50
lbl_8048DBE4
lbl_8048DBF0
lbl_8048DC0C
lbl_8048DC18
lbl_8048DCA0
lbl_8048DE8C
lbl_8048DEA0
lbl_8048E038
lbl_8048E0BC
lbl_8048E33C
lbl_8048E3A8
lbl_8048E408
lbl_8048E4DC
lbl_8048E528
lbl_8048E5DC
gap_07_8048E41C_sdata
@469_unknown
gap_07_8048E9EC_sdata
@118_dvdfs
lbl_8048EB24
lbl_8048EB38
lbl_8048EB5C
lbl_8048EBAC
gap_07_8048EBCC_sdata
lbl_8048EC14
lbl_8048EC64
lbl_8048EC74
lbl_8048ECE4
lbl_8048ED58
gap_07_8048EC77_sdata
gap_07_8048ECBC_sdata
lbl_8048EE98
lbl_8048EF70
lbl_8048EF88
lbl_8048EF90
gap_07_8048EF08_sdata
gap_07_8048EF14_sdata
gap_07_8048EF44_sdata
lbl_8048EF70
lbl_8048EF88
lbl_8048F0FC
gap_07_8048F17C_sdata
gap_07_8048F1FC_sdata
gap_07_8048F204_sdata
gap_07_8048F20C_sdata
gap_07_8048F218_sdata

bCellsDrawnPerc
bcRowsComplete
bLastVertexBuffer
bSubtitleItemTimeRemaining
bRenderStatTime
guiClickX
guiClickY
gap_08_8048F9F9_sbss
gap_08_8048FA24_sbss
gap_08_8048FA48_sbss
gap_08_8048FA64_sbss
gap_08_8048FA84_sbss
gap_08_8048FAA4_sbss
gap_08_8048FAC4_sbss
gap_08_8048FAE4_sbss
gap_08_8048FB10_sbss
gap_08_8048FB24_sbss
gap_08_8048FB44_sbss
gap_08_8048FB9C_sbss

gap_09_8048FC48_sdata2
gap_09_8048FC54_sdata2
gap_09_804900CA_sdata2
gap_09_804904CC_sdata2
Zero_804904D0
