__SN_Libsn_version_v28
__SN_Libsn_version
SN_ISI
SN_DSI
SNMemCpy
DBcallback
SNDebugBoot
ISIentry
DSIentry
IsDevLink
gap_01_801D6C6C_text
gap_04_8038DC10_rodata
snFileserver
snInitFileserver
snFSNotAvailable
__terminate_func

__div2u
__mod2u
__va_arg

OSLoadFPUContext

abort
_ExitProcess

gap_05_803C4564_data
gap_05_803C4A2B_data
gap_05_803C4A7C_data
lbl_803C4ABC
gap_05_803C4B14_data
gap_05_803C4B54_data
gap_05_803C4BA0_data
gap_05_803C4BE0_data
gap_05_803C4C2C_data
lbl_803C5188
GXGetVtxAttrFmt
GXGetVtxDesc
GXSetVtxDescv
GXInitLightSpot
GXReadGPMetric
__GXGetTexTileShift
GXGetTexBufferSize

translit_from_idx
translit_from_tbl
translit_to_idx
translit_to_tbl
_nl_C_codeset
_nl_C_LC_CTYPE_class
_nl_C_LC_CTYPE_class32
_nl_C_LC_CTYPE_toupper
_nl_C_LC_CTYPE_tolower
_nl_C_LC_CTYPE_class_upper
_nl_C_LC_CTYPE_class_lower
_nl_C_LC_CTYPE_class_alpha
_nl_C_LC_CTYPE_class_digit
_nl_C_LC_CTYPE_class_xdigit
_nl_C_LC_CTYPE_class_space
_nl_C_LC_CTYPE_class_print
_nl_C_LC_CTYPE_class_graph
_nl_C_LC_CTYPE_class_blank
_nl_C_LC_CTYPE_class_cntrl
_nl_C_LC_CTYPE_class_punct
_nl_C_LC_CTYPE_class_alnum
_nl_C_LC_CTYPE_map_toupper
_nl_C_LC_CTYPE_map_tolower
_nl_C_LC_CTYPE_width
_nl_C_LC_CTYPE
lbl_8039910C
lbl_8039925C
lbl_80399264
lbl_8039926C
lbl_80399274
lbl_8039927C
lbl_80399284
lbl_8039928C
lbl_80399294
lbl_8039929C
lbl_803992A4
lbl_803992AC
lbl_803A121C
lbl_803A2F94
lbl_803A2F98
lbl_803A2FA0
lbl_803A2FA8

lbl_803B2104
lbl_803B2A28

gs_xCurrentBloom
gs_xCurrentDoF
gap_05_803B2A94_data
lbl_803B2F90
lbl_803B2FC8
lbl_803B32AC
gap_05_803B6464_data
gap_05_803B6488_data
__MIXPanTable
__MIX_DPL2_front
__MIX_DPL2_rear
__MIXAIVolumeTable
__AXART3DSpan
__AXART3DPanDPL2
__AXART3DItdL
__AXART3DItdR
__AXART3DSrc
gap_05_803C43A8_data
CardData

Header
